// Jest Snapshot v1, https://goo.gl/fbAQLP

exports[`Header组件 样式发生改变时 做出提示 1`] = `
<div class="header">
  <div class="header-content">
    TodoList
    <input type="text" data-test="input" placeholder="Add UndoItem" class="header-input"></div>
</div>
`;
